[08-Dec-2025 13:06:04 Asia/Kolkata] Deleted replaced image: uploads/drafts/coolant_image_1765179360_a25e69c3.jpg
[08-Dec-2025 13:06:04 Asia/Kolkata] Deleted replaced thumbnail: uploads/drafts\thumb_coolant_image_1765179360_a25e69c3.jpg
[08-Dec-2025 13:06:13 Asia/Kolkata] Deleted replaced image: uploads/drafts/engine_oil_leakage_image_1765179222_ba1b0f83.jpg
[08-Dec-2025 13:06:13 Asia/Kolkata] Deleted replaced thumbnail: uploads/drafts\thumb_engine_oil_leakage_image_1765179222_ba1b0f83.jpg
[08-Dec-2025 13:36:02 Asia/Kolkata] Form submission received. Files count: 75, POST fields: 74
[08-Dec-2025 13:36:02 Asia/Kolkata] Step 4 Checkbox Debug:
[08-Dec-2025 13:36:02 Asia/Kolkata]   registration_certificate: NOT SET
[08-Dec-2025 13:36:02 Asia/Kolkata]   car_insurance: NOT SET
[08-Dec-2025 13:36:02 Asia/Kolkata]   car_finance_noc: NOT SET
[08-Dec-2025 13:36:02 Asia/Kolkata]   car_purchase_invoice: NOT SET
[08-Dec-2025 13:36:02 Asia/Kolkata]   bifuel_certification: NOT SET
[08-Dec-2025 13:36:02 Asia/Kolkata] Total files processed: 15
[08-Dec-2025 13:36:02 Asia/Kolkata] Generating PDF with 15 images
[08-Dec-2025 13:36:23 Asia/Kolkata] PDF generated successfully: D:\SEMESTER - VII\pdiNew\pdfs\inspection_dsasfd_1765181183.pdf
[08-Dec-2025 13:36:23 Asia/Kolkata] === CLEANUP PHASE 1: Starting immediate cleanup after PDF generation ===
[08-Dec-2025 13:36:23 Asia/Kolkata] Cleanup: Deleting draft and all images for draft ID: draft_69366f495e4b03.44206279
[08-Dec-2025 13:36:23 Asia/Kolkata] Cleanup: Starting cleanup for draft: draft_69366f495e4b03.44206279
[08-Dec-2025 13:36:23 Asia/Kolkata] Cleanup: Deleted image: uploads/drafts/payment_proof_1765176327_636ba285.jpg
[08-Dec-2025 13:36:23 Asia/Kolkata] Cleanup: Deleted thumbnail: uploads/drafts\thumb_payment_proof_1765176327_636ba285.jpg
[08-Dec-2025 13:36:23 Asia/Kolkata] Cleanup: Deleted image: uploads/drafts/engine_noise_image_1765179214_01a65392.jpg
[08-Dec-2025 13:36:23 Asia/Kolkata] Cleanup: Deleted thumbnail: uploads/drafts\thumb_engine_noise_image_1765179214_01a65392.jpg
[08-Dec-2025 13:36:23 Asia/Kolkata] Cleanup: Deleted image: uploads/drafts/engine_oil_image_1765179218_1fee883c.jpg
[08-Dec-2025 13:36:23 Asia/Kolkata] Cleanup: Deleted thumbnail: uploads/drafts\thumb_engine_oil_image_1765179218_1fee883c.jpg
[08-Dec-2025 13:36:23 Asia/Kolkata] Cleanup: Deleted image: uploads/drafts/engine_oil_leakage_image_1765179371_46d81fbd.jpg
[08-Dec-2025 13:36:23 Asia/Kolkata] Cleanup: Deleted thumbnail: uploads/drafts\thumb_engine_oil_leakage_image_1765179371_46d81fbd.jpg
[08-Dec-2025 13:36:23 Asia/Kolkata] Cleanup: Deleted image: uploads/drafts/brake_oil_image_1765179357_96f5bc85.jpg
[08-Dec-2025 13:36:23 Asia/Kolkata] Cleanup: Deleted thumbnail: uploads/drafts\thumb_brake_oil_image_1765179357_96f5bc85.jpg
[08-Dec-2025 13:36:23 Asia/Kolkata] Cleanup: Deleted image: uploads/drafts/coolant_image_1765179363_3487dcab.jpg
[08-Dec-2025 13:36:23 Asia/Kolkata] Cleanup: Deleted thumbnail: uploads/drafts\thumb_coolant_image_1765179363_3487dcab.jpg
[08-Dec-2025 13:36:23 Asia/Kolkata] Cleanup: Deleted image: uploads/drafts/back_compression_image_1765179367_ceffe97e.jpg
[08-Dec-2025 13:36:23 Asia/Kolkata] Cleanup: Deleted thumbnail: uploads/drafts\thumb_back_compression_image_1765179367_ceffe97e.jpg
[08-Dec-2025 13:36:23 Asia/Kolkata] Cleanup: Deleted image: uploads/drafts/engine_condition_image_1765179381_9d7d16d3.jpg
[08-Dec-2025 13:36:23 Asia/Kolkata] Cleanup: Deleted thumbnail: uploads/drafts\thumb_engine_condition_image_1765179381_9d7d16d3.jpg
[08-Dec-2025 13:36:23 Asia/Kolkata] Cleanup: Deleted image: uploads/drafts/battery_image_1765179400_87883ba7.jpg
[08-Dec-2025 13:36:23 Asia/Kolkata] Cleanup: Deleted thumbnail: uploads/drafts\thumb_battery_image_1765179400_87883ba7.jpg
[08-Dec-2025 13:36:23 Asia/Kolkata] Cleanup: Deleted image: uploads/drafts/obd_scan_photo_1765180452_35f2c2e7.jpg
[08-Dec-2025 13:36:23 Asia/Kolkata] Cleanup: Deleted thumbnail: uploads/drafts\thumb_obd_scan_photo_1765180452_35f2c2e7.jpg
[08-Dec-2025 13:36:23 Asia/Kolkata] Cleanup: Deleted image: uploads/drafts/fuel_leaks_image_1765181045_a36ffbe0.jpg
[08-Dec-2025 13:36:23 Asia/Kolkata] Cleanup: Deleted thumbnail: uploads/drafts\thumb_fuel_leaks_image_1765181045_a36ffbe0.jpg
[08-Dec-2025 13:36:24 Asia/Kolkata] Cleanup: Deleted image: uploads/drafts/ac_cool_1765181058_99e92137.jpg
[08-Dec-2025 13:36:24 Asia/Kolkata] Cleanup: Deleted thumbnail: uploads/drafts\thumb_ac_cool_1765181058_99e92137.jpg
[08-Dec-2025 13:36:24 Asia/Kolkata] Cleanup: Deleted image: uploads/drafts/ac_hot_1765181063_989e3caf.jpg
[08-Dec-2025 13:36:24 Asia/Kolkata] Cleanup: Deleted thumbnail: uploads/drafts\thumb_ac_hot_1765181063_989e3caf.jpg
[08-Dec-2025 13:36:24 Asia/Kolkata] Cleanup: Deleted image: uploads/drafts/issue_photo_2_1765181089_e3bc43ad.jpg
[08-Dec-2025 13:36:24 Asia/Kolkata] Cleanup: Deleted thumbnail: uploads/drafts\thumb_issue_photo_2_1765181089_e3bc43ad.jpg
[08-Dec-2025 13:36:24 Asia/Kolkata] Cleanup: Deleted image: uploads/drafts/issue_photo_4_1765181093_a3549dbe.jpg
[08-Dec-2025 13:36:24 Asia/Kolkata] Cleanup: Deleted thumbnail: uploads/drafts\thumb_issue_photo_4_1765181093_a3549dbe.jpg
[08-Dec-2025 13:36:24 Asia/Kolkata] Cleanup: Deleted audit log: D:\SEMESTER - VII\pdiNew\drafts\audit\draft_69366f495e4b03.44206279.log
[08-Dec-2025 13:36:24 Asia/Kolkata] Cleanup: Deleted draft file: D:\SEMESTER - VII\pdiNew\uploads\drafts\draft_69366f495e4b03.44206279.json
[08-Dec-2025 13:36:24 Asia/Kolkata] Cleanup: Successfully cleaned up draft draft_69366f495e4b03.44206279 - Deleted 15 images, 1 files, Freed 14.21 MB
[08-Dec-2025 13:36:24 Asia/Kolkata] Cleanup: Draft deleted - 15 images, 14.21 MB freed
[08-Dec-2025 13:36:24 Asia/Kolkata] Cleanup: Deleted thumbnail: thumb_ac_cool_1765180986_ebe9f985.jpg
[08-Dec-2025 13:36:24 Asia/Kolkata] Cleanup: Deleted thumbnail: thumb_ac_hot_1765180991_ef49ee8b.jpg
[08-Dec-2025 13:36:24 Asia/Kolkata] Cleanup: Deleted thumbnail: thumb_fuel_leaks_image_1765180948_5e4b5acd.jpg
[08-Dec-2025 13:36:24 Asia/Kolkata] Cleanup: Deleted remaining image: ac_cool_1765180986_ebe9f985.jpg
[08-Dec-2025 13:36:24 Asia/Kolkata] Cleanup: Deleted remaining image: ac_hot_1765180991_ef49ee8b.jpg
[08-Dec-2025 13:36:24 Asia/Kolkata] Cleanup: Deleted remaining image: fuel_leaks_image_1765180948_5e4b5acd.jpg
[08-Dec-2025 13:36:24 Asia/Kolkata] === CLEANUP PHASE 1 COMPLETE ===
[08-Dec-2025 13:36:24 Asia/Kolkata] Draft deleted: Yes
[08-Dec-2025 13:36:24 Asia/Kolkata] Images deleted: 18
[08-Dec-2025 13:36:24 Asia/Kolkata] Compressed deleted: 0
[08-Dec-2025 13:36:24 Asia/Kolkata] Uniform deleted: 0
[08-Dec-2025 13:36:24 Asia/Kolkata] Thumbnails deleted: 3
[08-Dec-2025 13:36:24 Asia/Kolkata] Total space freed: 15.51 MB
[08-Dec-2025 13:36:24 Asia/Kolkata] === USER RESPONSE SENT - User can now start new inspection ===
[08-Dec-2025 13:36:24 Asia/Kolkata] === SMTP PHASE: Starting email sending in background ===
[08-Dec-2025 13:36:35 Asia/Kolkata] SMTP: Email sent successfully for: D:\SEMESTER - VII\pdiNew\pdfs\inspection_dsasfd_1765181183.pdf
[08-Dec-2025 13:36:35 Asia/Kolkata] === SMTP PHASE COMPLETE ===
[08-Dec-2025 13:36:35 Asia/Kolkata] === SUBMISSION WORKFLOW COMPLETE ===
2025-12-08 15:29:11 - Draft load error: Draft not found - Context: {"draft_id":"draft_6936a051753f94.87669950"}
[08-Dec-2025 15:46:14 Asia/Kolkata] Deleted replaced image: uploads/drafts/car_image_dashboard_1765188969_abc49d77.jpg
[08-Dec-2025 15:46:14 Asia/Kolkata] Deleted replaced thumbnail: uploads/drafts\thumb_car_image_dashboard_1765188969_abc49d77.jpg
[08-Dec-2025 15:46:51 Asia/Kolkata] Form submission received. Files count: 75, POST fields: 41
[08-Dec-2025 15:46:51 Asia/Kolkata] Step 4 Checkbox Debug:
[08-Dec-2025 15:46:51 Asia/Kolkata]   registration_certificate: NOT SET
[08-Dec-2025 15:46:51 Asia/Kolkata]   car_insurance: NOT SET
[08-Dec-2025 15:46:51 Asia/Kolkata]   car_finance_noc: NOT SET
[08-Dec-2025 15:46:51 Asia/Kolkata]   car_purchase_invoice: NOT SET
[08-Dec-2025 15:46:51 Asia/Kolkata]   bifuel_certification: NOT SET
[08-Dec-2025 15:46:51 Asia/Kolkata] Total files processed: 10
[08-Dec-2025 15:46:51 Asia/Kolkata] Generating PDF with 10 images
[08-Dec-2025 15:47:01 Asia/Kolkata] PDF generated successfully: D:\SEMESTER - VII\pdiNEW\pdfs\inspection_dsasf_1765189021.pdf
[08-Dec-2025 15:47:01 Asia/Kolkata] === CLEANUP PHASE 1: Starting immediate cleanup after PDF generation ===
[08-Dec-2025 15:47:01 Asia/Kolkata] Cleanup: Deleting draft and all images for draft ID: draft_6936a47d9b55c7.78284590
[08-Dec-2025 15:47:01 Asia/Kolkata] Cleanup: Starting cleanup for draft: draft_6936a47d9b55c7.78284590
[08-Dec-2025 15:47:01 Asia/Kolkata] Cleanup: Deleted image: uploads/drafts/payment_proof_1765188850_5eb7ad2e.jpg
[08-Dec-2025 15:47:01 Asia/Kolkata] Cleanup: Deleted thumbnail: uploads/drafts\thumb_payment_proof_1765188850_5eb7ad2e.jpg
[08-Dec-2025 15:47:01 Asia/Kolkata] Cleanup: Deleted image: uploads/drafts/car_image_front_1765188948_d45c2dd7.jpg
[08-Dec-2025 15:47:01 Asia/Kolkata] Cleanup: Deleted thumbnail: uploads/drafts\thumb_car_image_front_1765188948_d45c2dd7.jpg
[08-Dec-2025 15:47:01 Asia/Kolkata] Cleanup: Deleted image: uploads/drafts/car_image_back_1765188954_85d60d5b.jpg
[08-Dec-2025 15:47:01 Asia/Kolkata] Cleanup: Deleted thumbnail: uploads/drafts\thumb_car_image_back_1765188954_85d60d5b.jpg
[08-Dec-2025 15:47:01 Asia/Kolkata] Cleanup: Deleted image: uploads/drafts/car_image_driver_side_1765188960_cf976610.jpg
[08-Dec-2025 15:47:01 Asia/Kolkata] Cleanup: Deleted thumbnail: uploads/drafts\thumb_car_image_driver_side_1765188960_cf976610.jpg
[08-Dec-2025 15:47:01 Asia/Kolkata] Cleanup: Deleted image: uploads/drafts/car_image_passenger_side_1765188964_4014b3ff.jpg
[08-Dec-2025 15:47:01 Asia/Kolkata] Cleanup: Deleted thumbnail: uploads/drafts\thumb_car_image_passenger_side_1765188964_4014b3ff.jpg
[08-Dec-2025 15:47:01 Asia/Kolkata] Cleanup: Deleted image: uploads/drafts/car_image_dashboard_1765188974_8b571889.jpg
[08-Dec-2025 15:47:01 Asia/Kolkata] Cleanup: Deleted thumbnail: uploads/drafts\thumb_car_image_dashboard_1765188974_8b571889.jpg
[08-Dec-2025 15:47:01 Asia/Kolkata] Cleanup: Deleted image: uploads/drafts/issue_photo_1_1765188993_03b7b772.jpg
[08-Dec-2025 15:47:01 Asia/Kolkata] Cleanup: Deleted thumbnail: uploads/drafts\thumb_issue_photo_1_1765188993_03b7b772.jpg
[08-Dec-2025 15:47:01 Asia/Kolkata] Cleanup: Deleted image: uploads/drafts/issue_photo_2_1765188998_7ab079ee.jpg
[08-Dec-2025 15:47:01 Asia/Kolkata] Cleanup: Deleted thumbnail: uploads/drafts\thumb_issue_photo_2_1765188998_7ab079ee.jpg
[08-Dec-2025 15:47:01 Asia/Kolkata] Cleanup: Deleted image: uploads/drafts/issue_photo_3_1765189003_c0f17440.jpg
[08-Dec-2025 15:47:01 Asia/Kolkata] Cleanup: Deleted thumbnail: uploads/drafts\thumb_issue_photo_3_1765189003_c0f17440.jpg
[08-Dec-2025 15:47:01 Asia/Kolkata] Cleanup: Deleted image: uploads/drafts/issue_photo_5_1765189009_31ab0739.jpg
[08-Dec-2025 15:47:01 Asia/Kolkata] Cleanup: Deleted thumbnail: uploads/drafts\thumb_issue_photo_5_1765189009_31ab0739.jpg
[08-Dec-2025 15:47:01 Asia/Kolkata] Cleanup: Deleted audit log: D:\SEMESTER - VII\pdiNEW\drafts\audit\draft_6936a47d9b55c7.78284590.log
[08-Dec-2025 15:47:01 Asia/Kolkata] Cleanup: Deleted draft file: D:\SEMESTER - VII\pdiNEW\uploads\drafts\draft_6936a47d9b55c7.78284590.json
[08-Dec-2025 15:47:01 Asia/Kolkata] Cleanup: Successfully cleaned up draft draft_6936a47d9b55c7.78284590 - Deleted 10 images, 1 files, Freed 6.35 MB
[08-Dec-2025 15:47:01 Asia/Kolkata] Cleanup: Draft deleted - 10 images, 6.35 MB freed
[08-Dec-2025 15:47:01 Asia/Kolkata] Cleanup: Deleted compressed image: compressed_submission_1765189011_6936a593625e9.jpg
[08-Dec-2025 15:47:01 Asia/Kolkata] Cleanup: Deleted compressed image: compressed_submission_1765189011_6936a5936362b.jpeg
[08-Dec-2025 15:47:01 Asia/Kolkata] Cleanup: Deleted compressed image: compressed_submission_1765189011_6936a593648d9.jpeg
[08-Dec-2025 15:47:01 Asia/Kolkata] Cleanup: Deleted compressed image: compressed_submission_1765189011_6936a59365972.jpg
[08-Dec-2025 15:47:01 Asia/Kolkata] Cleanup: Deleted uniform image: uniform_240x198_compressed_submission_1765189011_6936a593625e9.jpg
[08-Dec-2025 15:47:01 Asia/Kolkata] Cleanup: Deleted uniform image: uniform_240x198_compressed_submission_1765189011_6936a5936362b.jpeg
[08-Dec-2025 15:47:01 Asia/Kolkata] Cleanup: Deleted uniform image: uniform_240x198_compressed_submission_1765189011_6936a593648d9.jpeg
[08-Dec-2025 15:47:01 Asia/Kolkata] Cleanup: Deleted uniform image: uniform_240x198_compressed_submission_1765189011_6936a59365972.jpg
[08-Dec-2025 15:47:01 Asia/Kolkata] Cleanup: Deleted remaining image: submission_1765189011_6936a593625e9.jpg
[08-Dec-2025 15:47:01 Asia/Kolkata] Cleanup: Deleted remaining image: submission_1765189011_6936a5936362b.jpeg
[08-Dec-2025 15:47:01 Asia/Kolkata] Cleanup: Deleted remaining image: submission_1765189011_6936a593648d9.jpeg
[08-Dec-2025 15:47:01 Asia/Kolkata] Cleanup: Deleted remaining image: submission_1765189011_6936a59365972.jpg
[08-Dec-2025 15:47:01 Asia/Kolkata] === CLEANUP PHASE 1 COMPLETE ===
[08-Dec-2025 15:47:01 Asia/Kolkata] Draft deleted: Yes
[08-Dec-2025 15:47:01 Asia/Kolkata] Images deleted: 14
[08-Dec-2025 15:47:01 Asia/Kolkata] Compressed deleted: 4
[08-Dec-2025 15:47:01 Asia/Kolkata] Uniform deleted: 4
[08-Dec-2025 15:47:01 Asia/Kolkata] Thumbnails deleted: 0
[08-Dec-2025 15:47:01 Asia/Kolkata] Total space freed: 9.13 MB
[08-Dec-2025 15:47:01 Asia/Kolkata] === USER RESPONSE SENT - User can now start new inspection ===
[08-Dec-2025 15:47:01 Asia/Kolkata] === SMTP PHASE: Starting email sending in background ===
[08-Dec-2025 15:47:13 Asia/Kolkata] SMTP: Email sent successfully for: D:\SEMESTER - VII\pdiNEW\pdfs\inspection_dsasf_1765189021.pdf
[08-Dec-2025 15:47:13 Asia/Kolkata] === SMTP PHASE COMPLETE ===
[08-Dec-2025 15:47:13 Asia/Kolkata] === SUBMISSION WORKFLOW COMPLETE ===
[08-Dec-2025 15:57:49 Asia/Kolkata] Form submission received. Files count: 75, POST fields: 38
[08-Dec-2025 15:57:49 Asia/Kolkata] Step 4 Checkbox Debug:
[08-Dec-2025 15:57:49 Asia/Kolkata]   registration_certificate: NOT SET
[08-Dec-2025 15:57:49 Asia/Kolkata]   car_insurance: NOT SET
[08-Dec-2025 15:57:49 Asia/Kolkata]   car_finance_noc: NOT SET
[08-Dec-2025 15:57:49 Asia/Kolkata]   car_purchase_invoice: NOT SET
[08-Dec-2025 15:57:49 Asia/Kolkata]   bifuel_certification: NOT SET
[08-Dec-2025 15:57:49 Asia/Kolkata] Total files processed: 7
[08-Dec-2025 15:57:49 Asia/Kolkata] Generating PDF with 7 images
[08-Dec-2025 15:57:57 Asia/Kolkata] PDF generated successfully: D:\SEMESTER - VII\pdiNEW\pdfs\inspection_dasfsdadfs_1765189676.pdf
[08-Dec-2025 15:57:57 Asia/Kolkata] === CLEANUP PHASE 1: Starting immediate cleanup after PDF generation ===
[08-Dec-2025 15:57:57 Asia/Kolkata] Cleanup: Deleting draft and all images for draft ID: draft_6936a7b9471f19.08638057
[08-Dec-2025 15:57:57 Asia/Kolkata] Cleanup: Starting cleanup for draft: draft_6936a7b9471f19.08638057
[08-Dec-2025 15:57:57 Asia/Kolkata] Cleanup: Deleted image: uploads/drafts/payment_proof_1765189561_5f477548.jpg
[08-Dec-2025 15:57:57 Asia/Kolkata] Cleanup: Deleted thumbnail: uploads/drafts\thumb_payment_proof_1765189561_5f477548.jpg
[08-Dec-2025 15:57:57 Asia/Kolkata] Cleanup: Deleted image: uploads/drafts/car_image_front_1765189569_011e34d0.jpg
[08-Dec-2025 15:57:57 Asia/Kolkata] Cleanup: Deleted thumbnail: uploads/drafts\thumb_car_image_front_1765189569_011e34d0.jpg
[08-Dec-2025 15:57:57 Asia/Kolkata] Cleanup: Deleted image: uploads/drafts/car_image_back_1765189573_0a169d53.jpg
[08-Dec-2025 15:57:57 Asia/Kolkata] Cleanup: Deleted thumbnail: uploads/drafts\thumb_car_image_back_1765189573_0a169d53.jpg
[08-Dec-2025 15:57:57 Asia/Kolkata] Cleanup: Deleted image: uploads/drafts/car_image_driver_side_1765189577_fdfe1ae9.jpg
[08-Dec-2025 15:57:57 Asia/Kolkata] Cleanup: Deleted thumbnail: uploads/drafts\thumb_car_image_driver_side_1765189577_fdfe1ae9.jpg
[08-Dec-2025 15:57:57 Asia/Kolkata] Cleanup: Deleted image: uploads/drafts/car_image_dashboard_1765189581_a4832a4e.jpg
[08-Dec-2025 15:57:57 Asia/Kolkata] Cleanup: Deleted thumbnail: uploads/drafts\thumb_car_image_dashboard_1765189581_a4832a4e.jpg
[08-Dec-2025 15:57:57 Asia/Kolkata] Cleanup: Deleted image: uploads/drafts/car_image_passenger_side_1765189585_b3b2ab8a.jpg
[08-Dec-2025 15:57:57 Asia/Kolkata] Cleanup: Deleted thumbnail: uploads/drafts\thumb_car_image_passenger_side_1765189585_b3b2ab8a.jpg
[08-Dec-2025 15:57:57 Asia/Kolkata] Cleanup: Deleted image: uploads/drafts/issue_photo_1_1765189667_35b53147.jpg
[08-Dec-2025 15:57:57 Asia/Kolkata] Cleanup: Deleted thumbnail: uploads/drafts\thumb_issue_photo_1_1765189667_35b53147.jpg
[08-Dec-2025 15:57:57 Asia/Kolkata] Cleanup: Deleted audit log: D:\SEMESTER - VII\pdiNEW\drafts\audit\draft_6936a7b9471f19.08638057.log
[08-Dec-2025 15:57:57 Asia/Kolkata] Cleanup: Deleted draft file: D:\SEMESTER - VII\pdiNEW\uploads\drafts\draft_6936a7b9471f19.08638057.json
[08-Dec-2025 15:57:57 Asia/Kolkata] Cleanup: Successfully cleaned up draft draft_6936a7b9471f19.08638057 - Deleted 7 images, 1 files, Freed 5.25 MB
[08-Dec-2025 15:57:57 Asia/Kolkata] Cleanup: Draft deleted - 7 images, 5.25 MB freed
[08-Dec-2025 15:57:57 Asia/Kolkata] Cleanup: Deleted compressed image: compressed_submission_1765189669_6936a8253ba3b.jpg
[08-Dec-2025 15:57:57 Asia/Kolkata] Cleanup: Deleted uniform image: uniform_240x198_compressed_submission_1765189669_6936a8253ba3b.jpg
[08-Dec-2025 15:57:57 Asia/Kolkata] Cleanup: Deleted remaining image: submission_1765189669_6936a8253ba3b.jpg
[08-Dec-2025 15:57:57 Asia/Kolkata] === CLEANUP PHASE 1 COMPLETE ===
[08-Dec-2025 15:57:57 Asia/Kolkata] Draft deleted: Yes
[08-Dec-2025 15:57:57 Asia/Kolkata] Images deleted: 8
[08-Dec-2025 15:57:57 Asia/Kolkata] Compressed deleted: 1
[08-Dec-2025 15:57:57 Asia/Kolkata] Uniform deleted: 1
[08-Dec-2025 15:57:57 Asia/Kolkata] Thumbnails deleted: 0
[08-Dec-2025 15:57:57 Asia/Kolkata] Total space freed: 5.84 MB
[08-Dec-2025 15:57:57 Asia/Kolkata] === USER RESPONSE SENT - User can now start new inspection ===
[08-Dec-2025 15:57:57 Asia/Kolkata] === SMTP PHASE: Starting email sending in background ===
[08-Dec-2025 15:58:08 Asia/Kolkata] SMTP: Email sent successfully for: D:\SEMESTER - VII\pdiNEW\pdfs\inspection_dasfsdadfs_1765189676.pdf
[08-Dec-2025 15:58:08 Asia/Kolkata] === SMTP PHASE COMPLETE ===
[08-Dec-2025 15:58:08 Asia/Kolkata] === SUBMISSION WORKFLOW COMPLETE ===
[09-Dec-2025 11:19:07 Asia/Kolkata] Draft file missing during load: uploads/drafts/payment_proof_1765189561_5f477548.jpg (tried: D:\SEMESTER - VII\pdiNEW\uploads\drafts\payment_proof_1765189561_5f477548.jpg, D:\SEMESTER - VII\pdiNEW/uploads/drafts/payment_proof_1765189561_5f477548.jpg)
[09-Dec-2025 11:19:07 Asia/Kolkata] Draft file missing during load: uploads/drafts/car_image_front_1765189569_011e34d0.jpg (tried: D:\SEMESTER - VII\pdiNEW\uploads\drafts\car_image_front_1765189569_011e34d0.jpg, D:\SEMESTER - VII\pdiNEW/uploads/drafts/car_image_front_1765189569_011e34d0.jpg)
[09-Dec-2025 11:19:07 Asia/Kolkata] Draft file missing during load: uploads/drafts/car_image_back_1765189573_0a169d53.jpg (tried: D:\SEMESTER - VII\pdiNEW\uploads\drafts\car_image_back_1765189573_0a169d53.jpg, D:\SEMESTER - VII\pdiNEW/uploads/drafts/car_image_back_1765189573_0a169d53.jpg)
[09-Dec-2025 11:19:07 Asia/Kolkata] Draft file missing during load: uploads/drafts/car_image_driver_side_1765189577_fdfe1ae9.jpg (tried: D:\SEMESTER - VII\pdiNEW\uploads\drafts\car_image_driver_side_1765189577_fdfe1ae9.jpg, D:\SEMESTER - VII\pdiNEW/uploads/drafts/car_image_driver_side_1765189577_fdfe1ae9.jpg)
[09-Dec-2025 11:19:07 Asia/Kolkata] Draft file missing during load: uploads/drafts/car_image_dashboard_1765189581_a4832a4e.jpg (tried: D:\SEMESTER - VII\pdiNEW\uploads\drafts\car_image_dashboard_1765189581_a4832a4e.jpg, D:\SEMESTER - VII\pdiNEW/uploads/drafts/car_image_dashboard_1765189581_a4832a4e.jpg)
[09-Dec-2025 11:19:07 Asia/Kolkata] Draft file missing during load: uploads/drafts/car_image_passenger_side_1765189585_b3b2ab8a.jpg (tried: D:\SEMESTER - VII\pdiNEW\uploads\drafts\car_image_passenger_side_1765189585_b3b2ab8a.jpg, D:\SEMESTER - VII\pdiNEW/uploads/drafts/car_image_passenger_side_1765189585_b3b2ab8a.jpg)
[09-Dec-2025 11:19:07 Asia/Kolkata] Draft file missing during load: uploads/drafts/issue_photo_1_1765189667_35b53147.jpg (tried: D:\SEMESTER - VII\pdiNEW\uploads\drafts\issue_photo_1_1765189667_35b53147.jpg, D:\SEMESTER - VII\pdiNEW/uploads/drafts/issue_photo_1_1765189667_35b53147.jpg)
[09-Dec-2025 11:28:49 Asia/Kolkata] Draft file missing during load: uploads/drafts/payment_proof_1765189561_5f477548.jpg (tried: D:\SEMESTER - VII\pdiNEW\uploads\drafts\payment_proof_1765189561_5f477548.jpg, D:\SEMESTER - VII\pdiNEW/uploads/drafts/payment_proof_1765189561_5f477548.jpg)
[09-Dec-2025 11:28:49 Asia/Kolkata] Draft file missing during load: uploads/drafts/car_image_front_1765189569_011e34d0.jpg (tried: D:\SEMESTER - VII\pdiNEW\uploads\drafts\car_image_front_1765189569_011e34d0.jpg, D:\SEMESTER - VII\pdiNEW/uploads/drafts/car_image_front_1765189569_011e34d0.jpg)
[09-Dec-2025 11:28:49 Asia/Kolkata] Draft file missing during load: uploads/drafts/car_image_back_1765189573_0a169d53.jpg (tried: D:\SEMESTER - VII\pdiNEW\uploads\drafts\car_image_back_1765189573_0a169d53.jpg, D:\SEMESTER - VII\pdiNEW/uploads/drafts/car_image_back_1765189573_0a169d53.jpg)
[09-Dec-2025 11:28:49 Asia/Kolkata] Draft file missing during load: uploads/drafts/car_image_driver_side_1765189577_fdfe1ae9.jpg (tried: D:\SEMESTER - VII\pdiNEW\uploads\drafts\car_image_driver_side_1765189577_fdfe1ae9.jpg, D:\SEMESTER - VII\pdiNEW/uploads/drafts/car_image_driver_side_1765189577_fdfe1ae9.jpg)
[09-Dec-2025 11:28:49 Asia/Kolkata] Draft file missing during load: uploads/drafts/car_image_dashboard_1765189581_a4832a4e.jpg (tried: D:\SEMESTER - VII\pdiNEW\uploads\drafts\car_image_dashboard_1765189581_a4832a4e.jpg, D:\SEMESTER - VII\pdiNEW/uploads/drafts/car_image_dashboard_1765189581_a4832a4e.jpg)
[09-Dec-2025 11:28:49 Asia/Kolkata] Draft file missing during load: uploads/drafts/car_image_passenger_side_1765189585_b3b2ab8a.jpg (tried: D:\SEMESTER - VII\pdiNEW\uploads\drafts\car_image_passenger_side_1765189585_b3b2ab8a.jpg, D:\SEMESTER - VII\pdiNEW/uploads/drafts/car_image_passenger_side_1765189585_b3b2ab8a.jpg)
[09-Dec-2025 11:28:49 Asia/Kolkata] Draft file missing during load: uploads/drafts/issue_photo_1_1765189667_35b53147.jpg (tried: D:\SEMESTER - VII\pdiNEW\uploads\drafts\issue_photo_1_1765189667_35b53147.jpg, D:\SEMESTER - VII\pdiNEW/uploads/drafts/issue_photo_1_1765189667_35b53147.jpg)
[09-Dec-2025 11:29:07 Asia/Kolkata] Draft file missing during load: uploads/drafts/payment_proof_1765189561_5f477548.jpg (tried: D:\SEMESTER - VII\pdiNEW\uploads\drafts\payment_proof_1765189561_5f477548.jpg, D:\SEMESTER - VII\pdiNEW/uploads/drafts/payment_proof_1765189561_5f477548.jpg)
[09-Dec-2025 11:29:07 Asia/Kolkata] Draft file missing during load: uploads/drafts/car_image_front_1765189569_011e34d0.jpg (tried: D:\SEMESTER - VII\pdiNEW\uploads\drafts\car_image_front_1765189569_011e34d0.jpg, D:\SEMESTER - VII\pdiNEW/uploads/drafts/car_image_front_1765189569_011e34d0.jpg)
[09-Dec-2025 11:29:07 Asia/Kolkata] Draft file missing during load: uploads/drafts/car_image_back_1765189573_0a169d53.jpg (tried: D:\SEMESTER - VII\pdiNEW\uploads\drafts\car_image_back_1765189573_0a169d53.jpg, D:\SEMESTER - VII\pdiNEW/uploads/drafts/car_image_back_1765189573_0a169d53.jpg)
[09-Dec-2025 11:29:07 Asia/Kolkata] Draft file missing during load: uploads/drafts/car_image_driver_side_1765189577_fdfe1ae9.jpg (tried: D:\SEMESTER - VII\pdiNEW\uploads\drafts\car_image_driver_side_1765189577_fdfe1ae9.jpg, D:\SEMESTER - VII\pdiNEW/uploads/drafts/car_image_driver_side_1765189577_fdfe1ae9.jpg)
[09-Dec-2025 11:29:07 Asia/Kolkata] Draft file missing during load: uploads/drafts/car_image_dashboard_1765189581_a4832a4e.jpg (tried: D:\SEMESTER - VII\pdiNEW\uploads\drafts\car_image_dashboard_1765189581_a4832a4e.jpg, D:\SEMESTER - VII\pdiNEW/uploads/drafts/car_image_dashboard_1765189581_a4832a4e.jpg)
[09-Dec-2025 11:29:07 Asia/Kolkata] Draft file missing during load: uploads/drafts/car_image_passenger_side_1765189585_b3b2ab8a.jpg (tried: D:\SEMESTER - VII\pdiNEW\uploads\drafts\car_image_passenger_side_1765189585_b3b2ab8a.jpg, D:\SEMESTER - VII\pdiNEW/uploads/drafts/car_image_passenger_side_1765189585_b3b2ab8a.jpg)
[09-Dec-2025 11:29:07 Asia/Kolkata] Draft file missing during load: uploads/drafts/issue_photo_1_1765189667_35b53147.jpg (tried: D:\SEMESTER - VII\pdiNEW\uploads\drafts\issue_photo_1_1765189667_35b53147.jpg, D:\SEMESTER - VII\pdiNEW/uploads/drafts/issue_photo_1_1765189667_35b53147.jpg)
[09-Dec-2025 11:29:31 Asia/Kolkata] Draft file missing during save: uploads/drafts/payment_proof_1765189561_5f477548.jpg (tried: D:\SEMESTER - VII\pdiNEW\uploads\drafts\payment_proof_1765189561_5f477548.jpg)
[09-Dec-2025 11:29:31 Asia/Kolkata] Draft file missing during save: uploads/drafts/car_image_front_1765189569_011e34d0.jpg (tried: D:\SEMESTER - VII\pdiNEW\uploads\drafts\car_image_front_1765189569_011e34d0.jpg)
[09-Dec-2025 11:29:31 Asia/Kolkata] Draft file missing during save: uploads/drafts/car_image_back_1765189573_0a169d53.jpg (tried: D:\SEMESTER - VII\pdiNEW\uploads\drafts\car_image_back_1765189573_0a169d53.jpg)
[09-Dec-2025 11:29:31 Asia/Kolkata] Draft file missing during save: uploads/drafts/car_image_driver_side_1765189577_fdfe1ae9.jpg (tried: D:\SEMESTER - VII\pdiNEW\uploads\drafts\car_image_driver_side_1765189577_fdfe1ae9.jpg)
[09-Dec-2025 11:29:31 Asia/Kolkata] Draft file missing during save: uploads/drafts/car_image_dashboard_1765189581_a4832a4e.jpg (tried: D:\SEMESTER - VII\pdiNEW\uploads\drafts\car_image_dashboard_1765189581_a4832a4e.jpg)
[09-Dec-2025 11:29:31 Asia/Kolkata] Draft file missing during save: uploads/drafts/car_image_passenger_side_1765189585_b3b2ab8a.jpg (tried: D:\SEMESTER - VII\pdiNEW\uploads\drafts\car_image_passenger_side_1765189585_b3b2ab8a.jpg)
[09-Dec-2025 11:29:31 Asia/Kolkata] Draft file missing during save: uploads/drafts/issue_photo_1_1765189667_35b53147.jpg (tried: D:\SEMESTER - VII\pdiNEW\uploads\drafts\issue_photo_1_1765189667_35b53147.jpg)
[09-Dec-2025 11:30:02 Asia/Kolkata] Draft file missing during save: uploads/drafts/payment_proof_1765189561_5f477548.jpg (tried: D:\SEMESTER - VII\pdiNEW\uploads\drafts\payment_proof_1765189561_5f477548.jpg)
[09-Dec-2025 11:30:02 Asia/Kolkata] Draft file missing during save: uploads/drafts/car_image_front_1765189569_011e34d0.jpg (tried: D:\SEMESTER - VII\pdiNEW\uploads\drafts\car_image_front_1765189569_011e34d0.jpg)
[09-Dec-2025 11:30:02 Asia/Kolkata] Draft file missing during save: uploads/drafts/car_image_back_1765189573_0a169d53.jpg (tried: D:\SEMESTER - VII\pdiNEW\uploads\drafts\car_image_back_1765189573_0a169d53.jpg)
[09-Dec-2025 11:30:02 Asia/Kolkata] Draft file missing during save: uploads/drafts/car_image_driver_side_1765189577_fdfe1ae9.jpg (tried: D:\SEMESTER - VII\pdiNEW\uploads\drafts\car_image_driver_side_1765189577_fdfe1ae9.jpg)
[09-Dec-2025 11:30:02 Asia/Kolkata] Draft file missing during save: uploads/drafts/car_image_dashboard_1765189581_a4832a4e.jpg (tried: D:\SEMESTER - VII\pdiNEW\uploads\drafts\car_image_dashboard_1765189581_a4832a4e.jpg)
[09-Dec-2025 11:30:02 Asia/Kolkata] Draft file missing during save: uploads/drafts/car_image_passenger_side_1765189585_b3b2ab8a.jpg (tried: D:\SEMESTER - VII\pdiNEW\uploads\drafts\car_image_passenger_side_1765189585_b3b2ab8a.jpg)
[09-Dec-2025 11:30:02 Asia/Kolkata] Draft file missing during save: uploads/drafts/issue_photo_1_1765189667_35b53147.jpg (tried: D:\SEMESTER - VII\pdiNEW\uploads\drafts\issue_photo_1_1765189667_35b53147.jpg)
[09-Dec-2025 11:31:02 Asia/Kolkata] Draft file missing during load: uploads/drafts/payment_proof_1765189561_5f477548.jpg (tried: D:\SEMESTER - VII\pdiNEW\uploads\drafts\payment_proof_1765189561_5f477548.jpg, D:\SEMESTER - VII\pdiNEW/uploads/drafts/payment_proof_1765189561_5f477548.jpg)
[09-Dec-2025 11:31:02 Asia/Kolkata] Draft file missing during load: uploads/drafts/car_image_front_1765189569_011e34d0.jpg (tried: D:\SEMESTER - VII\pdiNEW\uploads\drafts\car_image_front_1765189569_011e34d0.jpg, D:\SEMESTER - VII\pdiNEW/uploads/drafts/car_image_front_1765189569_011e34d0.jpg)
[09-Dec-2025 11:31:02 Asia/Kolkata] Draft file missing during load: uploads/drafts/car_image_back_1765189573_0a169d53.jpg (tried: D:\SEMESTER - VII\pdiNEW\uploads\drafts\car_image_back_1765189573_0a169d53.jpg, D:\SEMESTER - VII\pdiNEW/uploads/drafts/car_image_back_1765189573_0a169d53.jpg)
[09-Dec-2025 11:31:02 Asia/Kolkata] Draft file missing during load: uploads/drafts/car_image_driver_side_1765189577_fdfe1ae9.jpg (tried: D:\SEMESTER - VII\pdiNEW\uploads\drafts\car_image_driver_side_1765189577_fdfe1ae9.jpg, D:\SEMESTER - VII\pdiNEW/uploads/drafts/car_image_driver_side_1765189577_fdfe1ae9.jpg)
[09-Dec-2025 11:31:02 Asia/Kolkata] Draft file missing during load: uploads/drafts/car_image_dashboard_1765189581_a4832a4e.jpg (tried: D:\SEMESTER - VII\pdiNEW\uploads\drafts\car_image_dashboard_1765189581_a4832a4e.jpg, D:\SEMESTER - VII\pdiNEW/uploads/drafts/car_image_dashboard_1765189581_a4832a4e.jpg)
[09-Dec-2025 11:31:02 Asia/Kolkata] Draft file missing during load: uploads/drafts/car_image_passenger_side_1765189585_b3b2ab8a.jpg (tried: D:\SEMESTER - VII\pdiNEW\uploads\drafts\car_image_passenger_side_1765189585_b3b2ab8a.jpg, D:\SEMESTER - VII\pdiNEW/uploads/drafts/car_image_passenger_side_1765189585_b3b2ab8a.jpg)
[09-Dec-2025 11:31:02 Asia/Kolkata] Draft file missing during load: uploads/drafts/issue_photo_1_1765189667_35b53147.jpg (tried: D:\SEMESTER - VII\pdiNEW\uploads\drafts\issue_photo_1_1765189667_35b53147.jpg, D:\SEMESTER - VII\pdiNEW/uploads/drafts/issue_photo_1_1765189667_35b53147.jpg)
[09-Dec-2025 11:31:17 Asia/Kolkata] Draft file missing during save: uploads/drafts/payment_proof_1765189561_5f477548.jpg (tried: D:\SEMESTER - VII\pdiNEW\uploads\drafts\payment_proof_1765189561_5f477548.jpg)
[09-Dec-2025 11:31:17 Asia/Kolkata] Draft file missing during save: uploads/drafts/car_image_front_1765189569_011e34d0.jpg (tried: D:\SEMESTER - VII\pdiNEW\uploads\drafts\car_image_front_1765189569_011e34d0.jpg)
[09-Dec-2025 11:31:17 Asia/Kolkata] Draft file missing during save: uploads/drafts/car_image_back_1765189573_0a169d53.jpg (tried: D:\SEMESTER - VII\pdiNEW\uploads\drafts\car_image_back_1765189573_0a169d53.jpg)
[09-Dec-2025 11:31:17 Asia/Kolkata] Draft file missing during save: uploads/drafts/car_image_driver_side_1765189577_fdfe1ae9.jpg (tried: D:\SEMESTER - VII\pdiNEW\uploads\drafts\car_image_driver_side_1765189577_fdfe1ae9.jpg)
[09-Dec-2025 11:31:17 Asia/Kolkata] Draft file missing during save: uploads/drafts/car_image_dashboard_1765189581_a4832a4e.jpg (tried: D:\SEMESTER - VII\pdiNEW\uploads\drafts\car_image_dashboard_1765189581_a4832a4e.jpg)
[09-Dec-2025 11:31:17 Asia/Kolkata] Draft file missing during save: uploads/drafts/car_image_passenger_side_1765189585_b3b2ab8a.jpg (tried: D:\SEMESTER - VII\pdiNEW\uploads\drafts\car_image_passenger_side_1765189585_b3b2ab8a.jpg)
[09-Dec-2025 11:31:17 Asia/Kolkata] Draft file missing during save: uploads/drafts/issue_photo_1_1765189667_35b53147.jpg (tried: D:\SEMESTER - VII\pdiNEW\uploads\drafts\issue_photo_1_1765189667_35b53147.jpg)
[09-Dec-2025 11:31:36 Asia/Kolkata] Draft file missing during load: uploads/drafts/payment_proof_1765189561_5f477548.jpg (tried: D:\SEMESTER - VII\pdiNEW\uploads\drafts\payment_proof_1765189561_5f477548.jpg, D:\SEMESTER - VII\pdiNEW/uploads/drafts/payment_proof_1765189561_5f477548.jpg)
[09-Dec-2025 11:31:36 Asia/Kolkata] Draft file missing during load: uploads/drafts/car_image_front_1765189569_011e34d0.jpg (tried: D:\SEMESTER - VII\pdiNEW\uploads\drafts\car_image_front_1765189569_011e34d0.jpg, D:\SEMESTER - VII\pdiNEW/uploads/drafts/car_image_front_1765189569_011e34d0.jpg)
[09-Dec-2025 11:31:36 Asia/Kolkata] Draft file missing during load: uploads/drafts/car_image_back_1765189573_0a169d53.jpg (tried: D:\SEMESTER - VII\pdiNEW\uploads\drafts\car_image_back_1765189573_0a169d53.jpg, D:\SEMESTER - VII\pdiNEW/uploads/drafts/car_image_back_1765189573_0a169d53.jpg)
[09-Dec-2025 11:31:36 Asia/Kolkata] Draft file missing during load: uploads/drafts/car_image_driver_side_1765189577_fdfe1ae9.jpg (tried: D:\SEMESTER - VII\pdiNEW\uploads\drafts\car_image_driver_side_1765189577_fdfe1ae9.jpg, D:\SEMESTER - VII\pdiNEW/uploads/drafts/car_image_driver_side_1765189577_fdfe1ae9.jpg)
[09-Dec-2025 11:31:36 Asia/Kolkata] Draft file missing during load: uploads/drafts/car_image_dashboard_1765189581_a4832a4e.jpg (tried: D:\SEMESTER - VII\pdiNEW\uploads\drafts\car_image_dashboard_1765189581_a4832a4e.jpg, D:\SEMESTER - VII\pdiNEW/uploads/drafts/car_image_dashboard_1765189581_a4832a4e.jpg)
[09-Dec-2025 11:31:36 Asia/Kolkata] Draft file missing during load: uploads/drafts/car_image_passenger_side_1765189585_b3b2ab8a.jpg (tried: D:\SEMESTER - VII\pdiNEW\uploads\drafts\car_image_passenger_side_1765189585_b3b2ab8a.jpg, D:\SEMESTER - VII\pdiNEW/uploads/drafts/car_image_passenger_side_1765189585_b3b2ab8a.jpg)
[09-Dec-2025 11:31:36 Asia/Kolkata] Draft file missing during load: uploads/drafts/issue_photo_1_1765189667_35b53147.jpg (tried: D:\SEMESTER - VII\pdiNEW\uploads\drafts\issue_photo_1_1765189667_35b53147.jpg, D:\SEMESTER - VII\pdiNEW/uploads/drafts/issue_photo_1_1765189667_35b53147.jpg)
[09-Dec-2025 11:32:32 Asia/Kolkata] Draft file missing during load: uploads/drafts/payment_proof_1765189561_5f477548.jpg (tried: D:\SEMESTER - VII\pdiNEW\uploads\drafts\payment_proof_1765189561_5f477548.jpg, D:\SEMESTER - VII\pdiNEW/uploads/drafts/payment_proof_1765189561_5f477548.jpg)
[09-Dec-2025 11:32:32 Asia/Kolkata] Draft file missing during load: uploads/drafts/car_image_front_1765189569_011e34d0.jpg (tried: D:\SEMESTER - VII\pdiNEW\uploads\drafts\car_image_front_1765189569_011e34d0.jpg, D:\SEMESTER - VII\pdiNEW/uploads/drafts/car_image_front_1765189569_011e34d0.jpg)
[09-Dec-2025 11:32:32 Asia/Kolkata] Draft file missing during load: uploads/drafts/car_image_back_1765189573_0a169d53.jpg (tried: D:\SEMESTER - VII\pdiNEW\uploads\drafts\car_image_back_1765189573_0a169d53.jpg, D:\SEMESTER - VII\pdiNEW/uploads/drafts/car_image_back_1765189573_0a169d53.jpg)
[09-Dec-2025 11:32:32 Asia/Kolkata] Draft file missing during load: uploads/drafts/car_image_driver_side_1765189577_fdfe1ae9.jpg (tried: D:\SEMESTER - VII\pdiNEW\uploads\drafts\car_image_driver_side_1765189577_fdfe1ae9.jpg, D:\SEMESTER - VII\pdiNEW/uploads/drafts/car_image_driver_side_1765189577_fdfe1ae9.jpg)
[09-Dec-2025 11:32:32 Asia/Kolkata] Draft file missing during load: uploads/drafts/car_image_dashboard_1765189581_a4832a4e.jpg (tried: D:\SEMESTER - VII\pdiNEW\uploads\drafts\car_image_dashboard_1765189581_a4832a4e.jpg, D:\SEMESTER - VII\pdiNEW/uploads/drafts/car_image_dashboard_1765189581_a4832a4e.jpg)
[09-Dec-2025 11:32:32 Asia/Kolkata] Draft file missing during load: uploads/drafts/car_image_passenger_side_1765189585_b3b2ab8a.jpg (tried: D:\SEMESTER - VII\pdiNEW\uploads\drafts\car_image_passenger_side_1765189585_b3b2ab8a.jpg, D:\SEMESTER - VII\pdiNEW/uploads/drafts/car_image_passenger_side_1765189585_b3b2ab8a.jpg)
[09-Dec-2025 11:32:32 Asia/Kolkata] Draft file missing during load: uploads/drafts/issue_photo_1_1765189667_35b53147.jpg (tried: D:\SEMESTER - VII\pdiNEW\uploads\drafts\issue_photo_1_1765189667_35b53147.jpg, D:\SEMESTER - VII\pdiNEW/uploads/drafts/issue_photo_1_1765189667_35b53147.jpg)
[09-Dec-2025 11:32:46 Asia/Kolkata] Draft file missing during save: uploads/drafts/payment_proof_1765189561_5f477548.jpg (tried: D:\SEMESTER - VII\pdiNEW\uploads\drafts\payment_proof_1765189561_5f477548.jpg)
[09-Dec-2025 11:32:46 Asia/Kolkata] Draft file missing during save: uploads/drafts/car_image_front_1765189569_011e34d0.jpg (tried: D:\SEMESTER - VII\pdiNEW\uploads\drafts\car_image_front_1765189569_011e34d0.jpg)
[09-Dec-2025 11:32:46 Asia/Kolkata] Draft file missing during save: uploads/drafts/car_image_back_1765189573_0a169d53.jpg (tried: D:\SEMESTER - VII\pdiNEW\uploads\drafts\car_image_back_1765189573_0a169d53.jpg)
[09-Dec-2025 11:32:46 Asia/Kolkata] Draft file missing during save: uploads/drafts/car_image_driver_side_1765189577_fdfe1ae9.jpg (tried: D:\SEMESTER - VII\pdiNEW\uploads\drafts\car_image_driver_side_1765189577_fdfe1ae9.jpg)
[09-Dec-2025 11:32:46 Asia/Kolkata] Draft file missing during save: uploads/drafts/car_image_dashboard_1765189581_a4832a4e.jpg (tried: D:\SEMESTER - VII\pdiNEW\uploads\drafts\car_image_dashboard_1765189581_a4832a4e.jpg)
[09-Dec-2025 11:32:46 Asia/Kolkata] Draft file missing during save: uploads/drafts/car_image_passenger_side_1765189585_b3b2ab8a.jpg (tried: D:\SEMESTER - VII\pdiNEW\uploads\drafts\car_image_passenger_side_1765189585_b3b2ab8a.jpg)
[09-Dec-2025 11:32:46 Asia/Kolkata] Draft file missing during save: uploads/drafts/issue_photo_1_1765189667_35b53147.jpg (tried: D:\SEMESTER - VII\pdiNEW\uploads\drafts\issue_photo_1_1765189667_35b53147.jpg)
